
Discarded input sections

 .reginfo       0x0000000000000000       0x18 mkahook.o
 .MIPS.abiflags
                0x0000000000000000       0x18 mkahook.o
 .reginfo       0x0000000000000000       0x18 ps2mem.o
 .MIPS.abiflags
                0x0000000000000000       0x18 ps2mem.o

Memory Configuration

Name             Origin             Length             Attributes
*default*        0x0000000000000000 0xffffffffffffffff

Linker script and memory map

LOAD main.o
LOAD mkahook.o
LOAD ps2mem.o
                0x0000000002020000                BASE_ADDRESS = 0x2020000

.text           0x0000000002020000      0x368
                0x0000000002020000                _ftext = .
 *(.text)
 .text          0x0000000002020000       0x40 main.o
                0x0000000002020000                init
 .text          0x0000000002020040      0x300 mkahook.o
                0x0000000002020040                make_custom_tower
                0x0000000002020280                hook_get_one_tower
                0x00000000020202a0                is_in_my_ladder
                0x00000000020202e0                is_map_in_my_ladder
                0x0000000002020318                MKArmageddon_Init
 .text          0x0000000002020340       0x18 ps2mem.o
                0x0000000002020340                makeJal
 *(.text.*)
 .text.startup  0x0000000002020358        0x8 main.o
                0x0000000002020358                main
 *(.gnu.linkonce.t*)
 *(.init)
 *(.fini)
                0x0000000002020360        0x8 QUAD 0x0
                [!provide]                        PROVIDE (_etext = .)
                [!provide]                        PROVIDE (etext = .)

.reginfo        0x0000000002020368       0x18
 *(.reginfo)
 .reginfo       0x0000000002020368       0x18 main.o

.ctors
 *crtbegin*.o(.ctors)
 *(EXCLUDE_FILE(*crtend*.o) .ctors)
 *(SORT_BY_NAME(.ctors.*))
 *(.ctors)

.dtors
 *crtbegin*.o(.dtors)
 *(EXCLUDE_FILE(*crtend*.o) .dtors)
 *(SORT_BY_NAME(.dtors.*))
 *(.dtors)

.rodata         0x0000000002020380       0x18
 *(.rodata)
 *(.rodata.*)
 .rodata.str1.8
                0x0000000002020380       0x18 mkahook.o
 *(.gnu.linkonce.r*)

.MIPS.abiflags  0x0000000002020398       0x18
 .MIPS.abiflags
                0x0000000002020398       0x18 main.o

.data           0x0000000002020400       0xc8
                0x0000000002020400                _fdata = .
 *(.data)
 .data          0x0000000002020400        0x0 main.o
 .data          0x0000000002020400       0xc8 mkahook.o
                0x0000000002020400                backgrounds
                0x0000000002020448                characters
                0x00000000020204b0                sub_bosses
                0x00000000020204c0                minion_bosses
 .data          0x00000000020204c8        0x0 ps2mem.o
 *(.data.*)
 *(.gnu.linkonce.d*)

.rdata
 *(.rdata)

.gcc_except_table
 *(.gcc_except_table)
                0x00000000020284f0                _gp = (ALIGN (0x80) + 0x7ff0)

.lit4
 *(.lit4)

.lit8
 *(.lit8)

.sdata
 *(.sdata)
 *(.sdata.*)
 *(.gnu.linkonce.s*)
                0x00000000020204c8                _edata = .
                [!provide]                        PROVIDE (edata = .)

.sbss           0x0000000002020500        0x0
                0x0000000002020500                _fbss = .
 *(.sbss)
 *(.sbss.*)
 *(.gnu.linkonce.sb*)
 *(.scommon)

.bss            0x0000000002020500       0x88
 *(.bss)
 .bss           0x0000000002020500        0x0 main.o
 .bss           0x0000000002020500       0x88 mkahook.o
                0x0000000002020500                my_ladder
                0x0000000002020580                game_printf
                0x0000000002020584                randu
 .bss           0x0000000002020588        0x0 ps2mem.o
 *(.bss.*)
 *(.gnu.linkonce.b*)
 *(COMMON)
                0x0000000002020588                _end_bss = .
                0x0000000002020588                _end = .
                [!provide]                        PROVIDE (end = .)
                [!provide]                        PROVIDE (_heap_size = 0xffffffffffffffff)
                [!provide]                        PROVIDE (_stack = 0xffffffffffffffff)
                [!provide]                        PROVIDE (_stack_size = 0x20000)
OUTPUT(../scripts/PLUGINS/43341C03-MKD-[SLES-52705]/MKAHook.elf elf32-nlittlemips)

.pdr            0x0000000000000000      0x100
 .pdr           0x0000000000000000       0x40 main.o
 .pdr           0x0000000000000040       0xa0 mkahook.o
 .pdr           0x00000000000000e0       0x20 ps2mem.o

.mdebug.abiN32  0x0000000000000000        0x0
 .mdebug.abiN32
                0x0000000000000000        0x0 main.o
 .mdebug.abiN32
                0x0000000000000000        0x0 mkahook.o
 .mdebug.abiN32
                0x0000000000000000        0x0 ps2mem.o

.comment        0x0000000000000000       0x12
 .comment       0x0000000000000000       0x12 main.o
                                         0x13 (size before relaxing)
 .comment       0x0000000000000012       0x13 mkahook.o
 .comment       0x0000000000000012       0x13 ps2mem.o

.gnu.attributes
                0x0000000000000000       0x10
 .gnu.attributes
                0x0000000000000000       0x10 main.o
 .gnu.attributes
                0x0000000000000010       0x10 mkahook.o
 .gnu.attributes
                0x0000000000000020       0x10 ps2mem.o
